◇ injected env (0) from .env // tip: ⌘ suppress logs { quiet: true }
TaysrPOS v0 API listening on 4400
HELLO FROM REQUIREAUTH! /
HELLO FROM REQUIREAUTH! /
HELLO FROM REQUIREAUTH! /
HELLO FROM REQUIREAUTH! /
HELLO FROM REQUIREAUTH! /
HELLO FROM REQUIREAUTH! /
HELLO FROM REQUIREAUTH! /
HELLO FROM REQUIREAUTH! /
HELLO FROM REQUIREAUTH! /
HELLO FROM REQUIREAUTH! /
HELLO FROM REQUIREAUTH! /293
HELLO FROM REQUIREAUTH! /293
HELLO FROM REQUIREAUTH! /291/ledger
HELLO FROM REQUIREAUTH! /291/ledger
HELLO FROM REQUIREAUTH! /292/ledger
HELLO FROM REQUIREAUTH! /292/ledger
HELLO FROM REQUIREAUTH! /
HELLO FROM REQUIREAUTH! /
HELLO FROM REQUIREAUTH! /
HELLO FROM REQUIREAUTH! /
HELLO FROM REQUIREAUTH! /190
HELLO FROM REQUIREAUTH! /190
HELLO FROM REQUIREAUTH! /150
HELLO FROM REQUIREAUTH! /150
HELLO FROM REQUIREAUTH! /
HELLO FROM REQUIREAUTH! /
HELLO FROM REQUIREAUTH! /
(node:14060) DeprecationWarning: Calling client.query() when the client is already executing a query is deprecated and will be removed in pg@9.0. Use async/await or an external async flow control mechanism instead.
(Use `node --trace-deprecation ...` to show where the warning was created)
HELLO FROM REQUIREAUTH! /
HELLO FROM REQUIREAUTH! /713/return
HELLO FROM REQUIREAUTH! /713/return
HELLO FROM REQUIREAUTH! /713/return
HELLO FROM REQUIREAUTH! /713/return
HELLO FROM REQUIREAUTH! /713/return
HELLO FROM REQUIREAUTH! /713/return
HELLO FROM REQUIREAUTH! /713/return
HELLO FROM REQUIREAUTH! /713/return
HELLO FROM REQUIREAUTH! /713/return
HELLO FROM REQUIREAUTH! /713/return
HELLO FROM REQUIREAUTH! /
HELLO FROM REQUIREAUTH! /
HELLO FROM REQUIREAUTH! /
HELLO FROM REQUIREAUTH! /714/return
HELLO FROM REQUIREAUTH! /714/return
HELLO FROM REQUIREAUTH! /714/return
HELLO FROM REQUIREAUTH! /714/return
HELLO FROM REQUIREAUTH! /
HELLO FROM REQUIREAUTH! /
HELLO FROM REQUIREAUTH! /
HELLO FROM REQUIREAUTH! /
HELLO FROM REQUIREAUTH! /
HELLO FROM REQUIREAUTH! /
HELLO FROM REQUIREAUTH! /173/receive
HELLO FROM REQUIREAUTH! /173/receive
HELLO FROM REQUIREAUTH! /173/receive
HELLO FROM REQUIREAUTH! /173/receive
HELLO FROM REQUIREAUTH! /173/receive
HELLO FROM REQUIREAUTH! /173/receive
HELLO FROM REQUIREAUTH! /173/return
HELLO FROM REQUIREAUTH! /173/return
HELLO FROM REQUIREAUTH! /173/return
HELLO FROM REQUIREAUTH! /173/return
HELLO FROM REQUIREAUTH! /173/return
HELLO FROM REQUIREAUTH! /173/return
HELLO FROM REQUIREAUTH! /173/receive
HELLO FROM REQUIREAUTH! /173/receive
HELLO FROM REQUIREAUTH! /173/return
HELLO FROM REQUIREAUTH! /173/return
HELLO FROM REQUIREAUTH! /clock-in
HELLO FROM REQUIREAUTH! /clock-in
HELLO FROM REQUIREAUTH! /clock-out
HELLO FROM REQUIREAUTH! /clock-out
HELLO FROM REQUIREAUTH! /groups
HELLO FROM REQUIREAUTH! /groups
HELLO FROM REQUIREAUTH! /customer-groups
HELLO FROM REQUIREAUTH! /customer-groups
HELLO FROM REQUIREAUTH! /groups/99/prices
HELLO FROM REQUIREAUTH! /groups/99/prices
HELLO FROM REQUIREAUTH! /groups/99/prices
HELLO FROM REQUIREAUTH! /groups/99/prices
HELLO FROM REQUIREAUTH! /291
HELLO FROM REQUIREAUTH! /291
HELLO FROM REQUIREAUTH! /
HELLO FROM REQUIREAUTH! /groups/99/prices
HELLO FROM REQUIREAUTH! /groups/99/prices
HELLO FROM REQUIREAUTH! /
HELLO FROM REQUIREAUTH! /resolve/291
HELLO FROM REQUIREAUTH! /resolve/291
HELLO FROM REQUIREAUTH! /resolve/291
HELLO FROM REQUIREAUTH! /resolve/291
HELLO FROM REQUIREAUTH! /292
HELLO FROM REQUIREAUTH! /292
HELLO FROM REQUIREAUTH! /291
HELLO FROM REQUIREAUTH! /291
HELLO FROM REQUIREAUTH! /types
HELLO FROM REQUIREAUTH! /types
HELLO FROM REQUIREAUTH! /accounts
HELLO FROM REQUIREAUTH! /accounts
HELLO FROM REQUIREAUTH! /accounts/233/transactions
HELLO FROM REQUIREAUTH! /accounts/233/transactions
HELLO FROM REQUIREAUTH! /accounts/233/transactions
HELLO FROM REQUIREAUTH! /accounts/233/transactions
HELLO FROM REQUIREAUTH! /accounts/233/transactions
HELLO FROM REQUIREAUTH! /accounts/233/transactions
HELLO FROM REQUIREAUTH! /ledger/233
HELLO FROM REQUIREAUTH! /ledger/233
HELLO FROM REQUIREAUTH! /ledger/233
HELLO FROM REQUIREAUTH! /ledger/233
HELLO FROM REQUIREAUTH! /pnl
HELLO FROM REQUIREAUTH! /pnl
HELLO FROM REQUIREAUTH! /tax-report
HELLO FROM REQUIREAUTH! /tax-report
HELLO FROM REQUIREAUTH! /movements
HELLO FROM REQUIREAUTH! /movements
HELLO FROM REQUIREAUTH! /movements
HELLO FROM REQUIREAUTH! /movements
HELLO FROM REQUIREAUTH! /movements
HELLO FROM REQUIREAUTH! /movements
HELLO FROM REQUIREAUTH! /movements
HELLO FROM REQUIREAUTH! /movements
HELLO FROM REQUIREAUTH! /
HELLO FROM REQUIREAUTH! /
HELLO FROM REQUIREAUTH! /templates
HELLO FROM REQUIREAUTH! /templates
HELLO FROM REQUIREAUTH! /notes
HELLO FROM REQUIREAUTH! /notes
HELLO FROM REQUIREAUTH! /
HELLO FROM REQUIREAUTH! /
HELLO FROM REQUIREAUTH! /
HELLO FROM REQUIREAUTH! /
HELLO FROM REQUIREAUTH! /
HELLO FROM REQUIREAUTH! /
HELLO FROM REQUIREAUTH! /
HELLO FROM REQUIREAUTH! /
HELLO FROM REQUIREAUTH! /
HELLO FROM REQUIREAUTH! /
HELLO FROM REQUIREAUTH! /
HELLO FROM REQUIREAUTH! /
HELLO FROM REQUIREAUTH! /
HELLO FROM REQUIREAUTH! /
HELLO FROM REQUIREAUTH! /
HELLO FROM REQUIREAUTH! /transfer
HELLO FROM REQUIREAUTH! /transfer
HELLO FROM REQUIREAUTH! /292
HELLO FROM REQUIREAUTH! /292
HELLO FROM REQUIREAUTH! /192
HELLO FROM REQUIREAUTH! /192
HELLO FROM REQUIREAUTH! /151
HELLO FROM REQUIREAUTH! /151
HELLO FROM REQUIREAUTH! /
HELLO FROM REQUIREAUTH! /
HELLO FROM REQUIREAUTH! /
HELLO FROM REQUIREAUTH! /
HELLO FROM REQUIREAUTH! /
HELLO FROM REQUIREAUTH! /
HELLO FROM REQUIREAUTH! /warehouses
HELLO FROM REQUIREAUTH! /warehouses
HELLO FROM REQUIREAUTH! /devices
HELLO FROM REQUIREAUTH! /devices
HELLO FROM REQUIREAUTH! /devices
HELLO FROM REQUIREAUTH! /devices
HELLO FROM REQUIREAUTH! /devices/48
HELLO FROM REQUIREAUTH! /devices/48
HELLO FROM REQUIREAUTH! /devices/48
HELLO FROM REQUIREAUTH! /devices/48
HELLO FROM REQUIREAUTH! /devices
HELLO FROM REQUIREAUTH! /devices
HELLO FROM REQUIREAUTH! /permissions/196
HELLO FROM REQUIREAUTH! /permissions/196
HELLO FROM REQUIREAUTH! /permissions/196
HELLO FROM REQUIREAUTH! /permissions/196
HELLO FROM REQUIREAUTH! /permissions/196
HELLO FROM REQUIREAUTH! /permissions/196
HELLO FROM REQUIREAUTH! /permissions/196
HELLO FROM REQUIREAUTH! /permissions/196
HELLO FROM REQUIREAUTH! /devices
HELLO FROM REQUIREAUTH! /devices
HELLO FROM REQUIREAUTH! /permissions/196
HELLO FROM REQUIREAUTH! /permissions/196
HELLO FROM REQUIREAUTH! /permissions/194
HELLO FROM REQUIREAUTH! /permissions/194
HELLO FROM REQUIREAUTH! /devices
HELLO FROM REQUIREAUTH! /devices
HELLO FROM REQUIREAUTH! /permissions/194/devices.manage
HELLO FROM REQUIREAUTH! /permissions/194/devices.manage
HELLO FROM REQUIREAUTH! /devices
HELLO FROM REQUIREAUTH! /devices
HELLO FROM REQUIREAUTH! /permissions/196/devices.manage
HELLO FROM REQUIREAUTH! /permissions/196/devices.manage
HELLO FROM REQUIREAUTH! /devices
HELLO FROM REQUIREAUTH! /devices
HELLO FROM REQUIREAUTH! /permissions/actions
HELLO FROM REQUIREAUTH! /permissions/actions
HELLO FROM REQUIREAUTH! /
HELLO FROM REQUIREAUTH! /
HELLO FROM REQUIREAUTH! /
HELLO FROM REQUIREAUTH! /
HELLO FROM REQUIREAUTH! /
HELLO FROM REQUIREAUTH! /
HELLO FROM REQUIREAUTH! /
HELLO FROM REQUIREAUTH! /
HELLO FROM REQUIREAUTH! /
HELLO FROM REQUIREAUTH! /
HELLO FROM REQUIREAUTH! /
HELLO FROM REQUIREAUTH! /
HELLO FROM REQUIREAUTH! /
HELLO FROM REQUIREAUTH! /
HELLO FROM REQUIREAUTH! /43
HELLO FROM REQUIREAUTH! /43
HELLO FROM REQUIREAUTH! /
HELLO FROM REQUIREAUTH! /
HELLO FROM REQUIREAUTH! /43
HELLO FROM REQUIREAUTH! /43
HELLO FROM REQUIREAUTH! /
HELLO FROM REQUIREAUTH! /291/settle
HELLO FROM REQUIREAUTH! /291/settle
HELLO FROM REQUIREAUTH! /291/settle
HELLO FROM REQUIREAUTH! /291/settle
HELLO FROM REQUIREAUTH! /291/settle
HELLO FROM REQUIREAUTH! /291/settle
HELLO FROM REQUIREAUTH! /291/settle
HELLO FROM REQUIREAUTH! /291/settle
HELLO FROM REQUIREAUTH! /291/settle
HELLO FROM REQUIREAUTH! /291/settle
HELLO FROM REQUIREAUTH! /
HELLO FROM REQUIREAUTH! /
HELLO FROM REQUIREAUTH! /
HELLO FROM REQUIREAUTH! /
HELLO FROM REQUIREAUTH! /
HELLO FROM REQUIREAUTH! /
HELLO FROM REQUIREAUTH! /
HELLO FROM REQUIREAUTH! /
HELLO FROM REQUIREAUTH! /open
HELLO FROM REQUIREAUTH! /open
HELLO FROM OPEN ROUTE!
HELLO FROM REQUIREAUTH! /sessions
HELLO FROM REQUIREAUTH! /sessions
HELLO FROM REQUIREAUTH! /
HELLO FROM REQUIREAUTH! /
HELLO FROM REQUIREAUTH! /
HELLO FROM REQUIREAUTH! /14
HELLO FROM REQUIREAUTH! /14
HELLO FROM REQUIREAUTH! /
HELLO FROM REQUIREAUTH! /
HELLO FROM REQUIREAUTH! /
HELLO FROM REQUIREAUTH! /
HELLO FROM REQUIREAUTH! /barcodes/print
HELLO FROM REQUIREAUTH! /barcodes/print
HELLO FROM REQUIREAUTH! /
HELLO FROM REQUIREAUTH! /
HELLO FROM REQUIREAUTH! /
HELLO FROM REQUIREAUTH! /
HELLO FROM REQUIREAUTH! /
HELLO FROM REQUIREAUTH! /8/pdf
HELLO FROM REQUIREAUTH! /
HELLO FROM REQUIREAUTH! /
HELLO FROM REQUIREAUTH! /
HELLO FROM REQUIREAUTH! /resolve/291
HELLO FROM REQUIREAUTH! /resolve/291
HELLO FROM REQUIREAUTH! /notes
HELLO FROM REQUIREAUTH! /notes
