◇ injected env (0) from .env // tip: ◈ secrets for agents [www.dotenvx.com]
TaysrPOS v0 API listening on 4400
HELLO FROM REQUIREAUTH! /
HELLO FROM REQUIREAUTH! /
HELLO FROM REQUIREAUTH! /
HELLO FROM REQUIREAUTH! /
HELLO FROM REQUIREAUTH! /
HELLO FROM REQUIREAUTH! /
HELLO FROM REQUIREAUTH! /
HELLO FROM REQUIREAUTH! /
HELLO FROM REQUIREAUTH! /
HELLO FROM REQUIREAUTH! /
HELLO FROM REQUIREAUTH! /350
HELLO FROM REQUIREAUTH! /350
HELLO FROM REQUIREAUTH! /348/ledger
HELLO FROM REQUIREAUTH! /348/ledger
HELLO FROM REQUIREAUTH! /349/ledger
HELLO FROM REQUIREAUTH! /349/ledger
HELLO FROM REQUIREAUTH! /
HELLO FROM REQUIREAUTH! /
HELLO FROM REQUIREAUTH! /
HELLO FROM REQUIREAUTH! /
HELLO FROM REQUIREAUTH! /217
HELLO FROM REQUIREAUTH! /217
HELLO FROM REQUIREAUTH! /182
HELLO FROM REQUIREAUTH! /182
HELLO FROM REQUIREAUTH! /
HELLO FROM REQUIREAUTH! /
HELLO FROM REQUIREAUTH! /
(node:17010) DeprecationWarning: Calling client.query() when the client is already executing a query is deprecated and will be removed in pg@9.0. Use async/await or an external async flow control mechanism instead.
(Use `node --trace-deprecation ...` to show where the warning was created)
HELLO FROM REQUIREAUTH! /
HELLO FROM REQUIREAUTH! /844/return
HELLO FROM REQUIREAUTH! /844/return
HELLO FROM REQUIREAUTH! /844/return
HELLO FROM REQUIREAUTH! /844/return
HELLO FROM REQUIREAUTH! /844/return
HELLO FROM REQUIREAUTH! /844/return
HELLO FROM REQUIREAUTH! /844/return
HELLO FROM REQUIREAUTH! /844/return
HELLO FROM REQUIREAUTH! /844/return
HELLO FROM REQUIREAUTH! /844/return
HELLO FROM REQUIREAUTH! /
HELLO FROM REQUIREAUTH! /
HELLO FROM REQUIREAUTH! /
HELLO FROM REQUIREAUTH! /845/return
HELLO FROM REQUIREAUTH! /845/return
HELLO FROM REQUIREAUTH! /845/return
HELLO FROM REQUIREAUTH! /845/return
HELLO FROM REQUIREAUTH! /
HELLO FROM REQUIREAUTH! /
HELLO FROM REQUIREAUTH! /
HELLO FROM REQUIREAUTH! /
HELLO FROM REQUIREAUTH! /
HELLO FROM REQUIREAUTH! /
HELLO FROM REQUIREAUTH! /197/receive
HELLO FROM REQUIREAUTH! /197/receive
HELLO FROM REQUIREAUTH! /197/receive
HELLO FROM REQUIREAUTH! /197/receive
HELLO FROM REQUIREAUTH! /197/receive
HELLO FROM REQUIREAUTH! /197/receive
HELLO FROM REQUIREAUTH! /197/return
HELLO FROM REQUIREAUTH! /197/return
HELLO FROM REQUIREAUTH! /197/return
HELLO FROM REQUIREAUTH! /197/return
HELLO FROM REQUIREAUTH! /197/return
HELLO FROM REQUIREAUTH! /197/return
HELLO FROM REQUIREAUTH! /197/receive
HELLO FROM REQUIREAUTH! /197/receive
HELLO FROM REQUIREAUTH! /197/return
HELLO FROM REQUIREAUTH! /197/return
HELLO FROM REQUIREAUTH! /
HELLO FROM REQUIREAUTH! /
HELLO FROM REQUIREAUTH! /clock-in
HELLO FROM REQUIREAUTH! /clock-in
HELLO FROM REQUIREAUTH! /clock-out
HELLO FROM REQUIREAUTH! /clock-out
HELLO FROM REQUIREAUTH! /
HELLO FROM REQUIREAUTH! /
HELLO FROM REQUIREAUTH! /groups
HELLO FROM REQUIREAUTH! /
HELLO FROM REQUIREAUTH! /groups
HELLO FROM REQUIREAUTH! /
HELLO FROM REQUIREAUTH! /customer-groups
HELLO FROM REQUIREAUTH! /customer-groups
HELLO FROM REQUIREAUTH! /
HELLO FROM REQUIREAUTH! /
HELLO FROM REQUIREAUTH! /groups/108/prices
HELLO FROM REQUIREAUTH! /groups/108/prices
HELLO FROM REQUIREAUTH! /groups/108/prices
HELLO FROM REQUIREAUTH! /groups/108/prices
HELLO FROM REQUIREAUTH! /
HELLO FROM REQUIREAUTH! /
HELLO FROM REQUIREAUTH! /354
HELLO FROM REQUIREAUTH! /354
HELLO FROM REQUIREAUTH! /348
HELLO FROM REQUIREAUTH! /348
HELLO FROM REQUIREAUTH! /352/ledger
HELLO FROM REQUIREAUTH! /352/ledger
HELLO FROM REQUIREAUTH! /
HELLO FROM REQUIREAUTH! /353/ledger
HELLO FROM REQUIREAUTH! /353/ledger
HELLO FROM REQUIREAUTH! /
HELLO FROM REQUIREAUTH! /
HELLO FROM REQUIREAUTH! /groups/108/prices
HELLO FROM REQUIREAUTH! /groups/108/prices
HELLO FROM REQUIREAUTH! /
HELLO FROM REQUIREAUTH! /
HELLO FROM REQUIREAUTH! /
HELLO FROM REQUIREAUTH! /220
HELLO FROM REQUIREAUTH! /220
HELLO FROM REQUIREAUTH! /184
HELLO FROM REQUIREAUTH! /184
HELLO FROM REQUIREAUTH! /
HELLO FROM REQUIREAUTH! /
HELLO FROM REQUIREAUTH! /resolve/348
HELLO FROM REQUIREAUTH! /resolve/348
HELLO FROM REQUIREAUTH! /
HELLO FROM REQUIREAUTH! /resolve/348
HELLO FROM REQUIREAUTH! /resolve/348
HELLO FROM REQUIREAUTH! /349
HELLO FROM REQUIREAUTH! /349
HELLO FROM REQUIREAUTH! /348
HELLO FROM REQUIREAUTH! /348
HELLO FROM REQUIREAUTH! /types
HELLO FROM REQUIREAUTH! /
HELLO FROM REQUIREAUTH! /types
HELLO FROM REQUIREAUTH! /accounts
HELLO FROM REQUIREAUTH! /accounts
HELLO FROM REQUIREAUTH! /accounts/271/transactions
HELLO FROM REQUIREAUTH! /accounts/271/transactions
HELLO FROM REQUIREAUTH! /accounts/271/transactions
HELLO FROM REQUIREAUTH! /accounts/271/transactions
HELLO FROM REQUIREAUTH! /accounts/271/transactions
HELLO FROM REQUIREAUTH! /accounts/271/transactions
HELLO FROM REQUIREAUTH! /849/return
HELLO FROM REQUIREAUTH! /849/return
HELLO FROM REQUIREAUTH! /ledger/271
HELLO FROM REQUIREAUTH! /ledger/271
HELLO FROM REQUIREAUTH! /ledger/271
HELLO FROM REQUIREAUTH! /ledger/271
HELLO FROM REQUIREAUTH! /pnl
HELLO FROM REQUIREAUTH! /pnl
HELLO FROM REQUIREAUTH! /tax-report
HELLO FROM REQUIREAUTH! /tax-report
HELLO FROM REQUIREAUTH! /849/return
HELLO FROM REQUIREAUTH! /849/return
HELLO FROM REQUIREAUTH! /849/return
HELLO FROM REQUIREAUTH! /movements
HELLO FROM REQUIREAUTH! /849/return
HELLO FROM REQUIREAUTH! /movements
HELLO FROM REQUIREAUTH! /movements
HELLO FROM REQUIREAUTH! /movements
HELLO FROM REQUIREAUTH! /849/return
HELLO FROM REQUIREAUTH! /849/return
HELLO FROM REQUIREAUTH! /849/return
HELLO FROM REQUIREAUTH! /849/return
HELLO FROM REQUIREAUTH! /movements
HELLO FROM REQUIREAUTH! /movements
HELLO FROM REQUIREAUTH! /
HELLO FROM REQUIREAUTH! /
HELLO FROM REQUIREAUTH! /movements
HELLO FROM REQUIREAUTH! /movements
HELLO FROM REQUIREAUTH! /
HELLO FROM REQUIREAUTH! /
HELLO FROM REQUIREAUTH! /
HELLO FROM REQUIREAUTH! /
HELLO FROM REQUIREAUTH! /
HELLO FROM REQUIREAUTH! /
HELLO FROM REQUIREAUTH! /850/return
HELLO FROM REQUIREAUTH! /850/return
HELLO FROM REQUIREAUTH! /templates
HELLO FROM REQUIREAUTH! /templates
HELLO FROM REQUIREAUTH! /notes
HELLO FROM REQUIREAUTH! /notes
HELLO FROM REQUIREAUTH! /850/return
HELLO FROM REQUIREAUTH! /
HELLO FROM REQUIREAUTH! /850/return
HELLO FROM REQUIREAUTH! /
HELLO FROM REQUIREAUTH! /
HELLO FROM REQUIREAUTH! /
HELLO FROM REQUIREAUTH! /
HELLO FROM REQUIREAUTH! /
HELLO FROM REQUIREAUTH! /
HELLO FROM REQUIREAUTH! /
HELLO FROM REQUIREAUTH! /
HELLO FROM REQUIREAUTH! /
HELLO FROM REQUIREAUTH! /
HELLO FROM REQUIREAUTH! /
HELLO FROM REQUIREAUTH! /
HELLO FROM REQUIREAUTH! /
HELLO FROM REQUIREAUTH! /
HELLO FROM REQUIREAUTH! /
HELLO FROM REQUIREAUTH! /
HELLO FROM REQUIREAUTH! /
HELLO FROM REQUIREAUTH! /
HELLO FROM REQUIREAUTH! /
HELLO FROM REQUIREAUTH! /transfer
HELLO FROM REQUIREAUTH! /
HELLO FROM REQUIREAUTH! /transfer
HELLO FROM REQUIREAUTH! /349
HELLO FROM REQUIREAUTH! /349
HELLO FROM REQUIREAUTH! /219
HELLO FROM REQUIREAUTH! /219
HELLO FROM REQUIREAUTH! /199/receive
HELLO FROM REQUIREAUTH! /199/receive
HELLO FROM REQUIREAUTH! /183
HELLO FROM REQUIREAUTH! /183
HELLO FROM REQUIREAUTH! /
HELLO FROM REQUIREAUTH! /
HELLO FROM REQUIREAUTH! /
HELLO FROM REQUIREAUTH! /
HELLO FROM REQUIREAUTH! /199/receive
HELLO FROM REQUIREAUTH! /199/receive
HELLO FROM REQUIREAUTH! /
HELLO FROM REQUIREAUTH! /
HELLO FROM REQUIREAUTH! /warehouses
HELLO FROM REQUIREAUTH! /warehouses
HELLO FROM REQUIREAUTH! /devices
HELLO FROM REQUIREAUTH! /devices
HELLO FROM REQUIREAUTH! /199/receive
HELLO FROM REQUIREAUTH! /199/receive
HELLO FROM REQUIREAUTH! /devices
HELLO FROM REQUIREAUTH! /devices
HELLO FROM REQUIREAUTH! /199/return
HELLO FROM REQUIREAUTH! /199/return
HELLO FROM REQUIREAUTH! /devices/55
HELLO FROM REQUIREAUTH! /devices/55
HELLO FROM REQUIREAUTH! /199/return
HELLO FROM REQUIREAUTH! /199/return
HELLO FROM REQUIREAUTH! /199/return
HELLO FROM REQUIREAUTH! /199/return
HELLO FROM REQUIREAUTH! /199/receive
HELLO FROM REQUIREAUTH! /199/receive
HELLO FROM REQUIREAUTH! /199/return
HELLO FROM REQUIREAUTH! /199/return
HELLO FROM REQUIREAUTH! /clock-in
HELLO FROM REQUIREAUTH! /clock-in
HELLO FROM REQUIREAUTH! /clock-out
HELLO FROM REQUIREAUTH! /clock-out
HELLO FROM REQUIREAUTH! /groups
HELLO FROM REQUIREAUTH! /groups
HELLO FROM REQUIREAUTH! /customer-groups
HELLO FROM REQUIREAUTH! /customer-groups
HELLO FROM REQUIREAUTH! /groups/109/prices
HELLO FROM REQUIREAUTH! /groups/109/prices
HELLO FROM REQUIREAUTH! /groups/109/prices
HELLO FROM REQUIREAUTH! /groups/109/prices
HELLO FROM REQUIREAUTH! /devices/55
HELLO FROM REQUIREAUTH! /devices/55
HELLO FROM REQUIREAUTH! /352
HELLO FROM REQUIREAUTH! /352
HELLO FROM REQUIREAUTH! /
HELLO FROM REQUIREAUTH! /devices
HELLO FROM REQUIREAUTH! /devices
HELLO FROM REQUIREAUTH! /permissions/237
HELLO FROM REQUIREAUTH! /permissions/237
HELLO FROM REQUIREAUTH! /permissions/237
HELLO FROM REQUIREAUTH! /permissions/237
HELLO FROM REQUIREAUTH! /permissions/237
HELLO FROM REQUIREAUTH! /permissions/237
HELLO FROM REQUIREAUTH! /permissions/237
HELLO FROM REQUIREAUTH! /permissions/237
HELLO FROM REQUIREAUTH! /devices
HELLO FROM REQUIREAUTH! /devices
HELLO FROM REQUIREAUTH! /groups/109/prices
HELLO FROM REQUIREAUTH! /groups/109/prices
HELLO FROM REQUIREAUTH! /permissions/237
HELLO FROM REQUIREAUTH! /permissions/237
HELLO FROM REQUIREAUTH! /permissions/233
HELLO FROM REQUIREAUTH! /permissions/233
HELLO FROM REQUIREAUTH! /
HELLO FROM REQUIREAUTH! /devices
HELLO FROM REQUIREAUTH! /devices
HELLO FROM REQUIREAUTH! /permissions/233/devices.manage
HELLO FROM REQUIREAUTH! /permissions/233/devices.manage
HELLO FROM REQUIREAUTH! /devices
HELLO FROM REQUIREAUTH! /devices
HELLO FROM REQUIREAUTH! /permissions/237/devices.manage
HELLO FROM REQUIREAUTH! /permissions/237/devices.manage
HELLO FROM REQUIREAUTH! /devices
HELLO FROM REQUIREAUTH! /resolve/352
HELLO FROM REQUIREAUTH! /devices
HELLO FROM REQUIREAUTH! /resolve/352
HELLO FROM REQUIREAUTH! /permissions/actions
HELLO FROM REQUIREAUTH! /permissions/actions
HELLO FROM REQUIREAUTH! /
HELLO FROM REQUIREAUTH! /resolve/352
HELLO FROM REQUIREAUTH! /
HELLO FROM REQUIREAUTH! /resolve/352
HELLO FROM REQUIREAUTH! /353
HELLO FROM REQUIREAUTH! /353
HELLO FROM REQUIREAUTH! /
HELLO FROM REQUIREAUTH! /
HELLO FROM REQUIREAUTH! /
HELLO FROM REQUIREAUTH! /352
HELLO FROM REQUIREAUTH! /
HELLO FROM REQUIREAUTH! /352
HELLO FROM REQUIREAUTH! /
HELLO FROM REQUIREAUTH! /types
HELLO FROM REQUIREAUTH! /types
HELLO FROM REQUIREAUTH! /accounts
HELLO FROM REQUIREAUTH! /accounts
HELLO FROM REQUIREAUTH! /accounts/273/transactions
HELLO FROM REQUIREAUTH! /accounts/273/transactions
HELLO FROM REQUIREAUTH! /accounts/273/transactions
HELLO FROM REQUIREAUTH! /accounts/273/transactions
HELLO FROM REQUIREAUTH! /
HELLO FROM REQUIREAUTH! /accounts/273/transactions
HELLO FROM REQUIREAUTH! /accounts/273/transactions
HELLO FROM REQUIREAUTH! /ledger/273
HELLO FROM REQUIREAUTH! /ledger/273
HELLO FROM REQUIREAUTH! /ledger/273
HELLO FROM REQUIREAUTH! /ledger/273
HELLO FROM REQUIREAUTH! /pnl
HELLO FROM REQUIREAUTH! /pnl
HELLO FROM REQUIREAUTH! /
HELLO FROM REQUIREAUTH! /tax-report
HELLO FROM REQUIREAUTH! /tax-report
HELLO FROM REQUIREAUTH! /
HELLO FROM REQUIREAUTH! /movements
HELLO FROM REQUIREAUTH! /movements
HELLO FROM REQUIREAUTH! /
HELLO FROM REQUIREAUTH! /
HELLO FROM REQUIREAUTH! /movements
HELLO FROM REQUIREAUTH! /movements
HELLO FROM REQUIREAUTH! /
HELLO FROM REQUIREAUTH! /
HELLO FROM REQUIREAUTH! /movements
HELLO FROM REQUIREAUTH! /movements
HELLO FROM REQUIREAUTH! /55
HELLO FROM REQUIREAUTH! /55
HELLO FROM REQUIREAUTH! /
HELLO FROM REQUIREAUTH! /movements
HELLO FROM REQUIREAUTH! /
HELLO FROM REQUIREAUTH! /movements
HELLO FROM REQUIREAUTH! /55
HELLO FROM REQUIREAUTH! /55
HELLO FROM REQUIREAUTH! /
HELLO FROM REQUIREAUTH! /
HELLO FROM REQUIREAUTH! /
HELLO FROM REQUIREAUTH! /
HELLO FROM REQUIREAUTH! /
HELLO FROM REQUIREAUTH! /
HELLO FROM REQUIREAUTH! /348/settle
HELLO FROM REQUIREAUTH! /348/settle
HELLO FROM REQUIREAUTH! /348/settle
HELLO FROM REQUIREAUTH! /348/settle
HELLO FROM REQUIREAUTH! /348/settle
HELLO FROM REQUIREAUTH! /348/settle
HELLO FROM REQUIREAUTH! /templates
HELLO FROM REQUIREAUTH! /templates
HELLO FROM REQUIREAUTH! /348/settle
HELLO FROM REQUIREAUTH! /348/settle
HELLO FROM REQUIREAUTH! /notes
HELLO FROM REQUIREAUTH! /notes
HELLO FROM REQUIREAUTH! /
HELLO FROM REQUIREAUTH! /
HELLO FROM REQUIREAUTH! /
HELLO FROM REQUIREAUTH! /348/settle
HELLO FROM REQUIREAUTH! /
HELLO FROM REQUIREAUTH! /348/settle
HELLO FROM REQUIREAUTH! /
HELLO FROM REQUIREAUTH! /
HELLO FROM REQUIREAUTH! /
HELLO FROM REQUIREAUTH! /
HELLO FROM REQUIREAUTH! /
HELLO FROM REQUIREAUTH! /
HELLO FROM REQUIREAUTH! /
HELLO FROM REQUIREAUTH! /
HELLO FROM REQUIREAUTH! /
HELLO FROM REQUIREAUTH! /
HELLO FROM REQUIREAUTH! /
HELLO FROM REQUIREAUTH! /
HELLO FROM REQUIREAUTH! /
HELLO FROM REQUIREAUTH! /transfer
HELLO FROM REQUIREAUTH! /transfer
HELLO FROM REQUIREAUTH! /353
HELLO FROM REQUIREAUTH! /353
HELLO FROM REQUIREAUTH! /222
HELLO FROM REQUIREAUTH! /222
HELLO FROM REQUIREAUTH! /185
HELLO FROM REQUIREAUTH! /185
HELLO FROM REQUIREAUTH! /
HELLO FROM REQUIREAUTH! /
HELLO FROM REQUIREAUTH! /
HELLO FROM REQUIREAUTH! /
HELLO FROM REQUIREAUTH! /
HELLO FROM REQUIREAUTH! /
HELLO FROM REQUIREAUTH! /
HELLO FROM REQUIREAUTH! /warehouses
HELLO FROM REQUIREAUTH! /warehouses
HELLO FROM REQUIREAUTH! /devices
HELLO FROM REQUIREAUTH! /devices
HELLO FROM REQUIREAUTH! /devices
HELLO FROM REQUIREAUTH! /devices
HELLO FROM REQUIREAUTH! /
HELLO FROM REQUIREAUTH! /devices/56
HELLO FROM REQUIREAUTH! /devices/56
HELLO FROM REQUIREAUTH! /
HELLO FROM REQUIREAUTH! /
HELLO FROM REQUIREAUTH! /
HELLO FROM REQUIREAUTH! /
HELLO FROM REQUIREAUTH! /open
HELLO FROM REQUIREAUTH! /open
HELLO FROM OPEN ROUTE!
HELLO FROM REQUIREAUTH! /sessions
HELLO FROM REQUIREAUTH! /sessions
HELLO FROM REQUIREAUTH! /devices/56
HELLO FROM REQUIREAUTH! /devices/56
HELLO FROM REQUIREAUTH! /
HELLO FROM REQUIREAUTH! /devices
HELLO FROM REQUIREAUTH! /devices
HELLO FROM REQUIREAUTH! /permissions/238
HELLO FROM REQUIREAUTH! /permissions/238
HELLO FROM REQUIREAUTH! /permissions/238
HELLO FROM REQUIREAUTH! /permissions/238
HELLO FROM REQUIREAUTH! /permissions/238
HELLO FROM REQUIREAUTH! /permissions/238
HELLO FROM REQUIREAUTH! /
HELLO FROM REQUIREAUTH! /
HELLO FROM REQUIREAUTH! /permissions/238
HELLO FROM REQUIREAUTH! /permissions/238
HELLO FROM REQUIREAUTH! /20
HELLO FROM REQUIREAUTH! /20
HELLO FROM REQUIREAUTH! /devices
HELLO FROM REQUIREAUTH! /devices
HELLO FROM REQUIREAUTH! /
HELLO FROM REQUIREAUTH! /
HELLO FROM REQUIREAUTH! /permissions/238
HELLO FROM REQUIREAUTH! /permissions/238
HELLO FROM REQUIREAUTH! /
HELLO FROM REQUIREAUTH! /permissions/235
HELLO FROM REQUIREAUTH! /
HELLO FROM REQUIREAUTH! /permissions/235
HELLO FROM REQUIREAUTH! /barcodes/print
HELLO FROM REQUIREAUTH! /barcodes/print
HELLO FROM REQUIREAUTH! /devices
HELLO FROM REQUIREAUTH! /devices
HELLO FROM REQUIREAUTH! /
HELLO FROM REQUIREAUTH! /permissions/235/devices.manage
HELLO FROM REQUIREAUTH! /
HELLO FROM REQUIREAUTH! /permissions/235/devices.manage
HELLO FROM REQUIREAUTH! /
HELLO FROM REQUIREAUTH! /devices
HELLO FROM REQUIREAUTH! /devices
HELLO FROM REQUIREAUTH! /permissions/238/devices.manage
HELLO FROM REQUIREAUTH! /permissions/238/devices.manage
HELLO FROM REQUIREAUTH! /devices
HELLO FROM REQUIREAUTH! /devices
HELLO FROM REQUIREAUTH! /permissions/actions
HELLO FROM REQUIREAUTH! /permissions/actions
HELLO FROM REQUIREAUTH! /
HELLO FROM REQUIREAUTH! /
HELLO FROM REQUIREAUTH! /
HELLO FROM REQUIREAUTH! /
HELLO FROM REQUIREAUTH! /
HELLO FROM REQUIREAUTH! /
HELLO FROM REQUIREAUTH! /
HELLO FROM REQUIREAUTH! /
HELLO FROM REQUIREAUTH! /
HELLO FROM REQUIREAUTH! /14/pdf
HELLO FROM REQUIREAUTH! /
HELLO FROM REQUIREAUTH! /
HELLO FROM REQUIREAUTH! /
HELLO FROM REQUIREAUTH! /resolve/348
HELLO FROM REQUIREAUTH! /resolve/348
HELLO FROM REQUIREAUTH! /
HELLO FROM REQUIREAUTH! /notes
HELLO FROM REQUIREAUTH! /notes
HELLO FROM REQUIREAUTH! /products
HELLO FROM REQUIREAUTH! /products
HELLO FROM REQUIREAUTH! /
HELLO FROM REQUIREAUTH! /stock
HELLO FROM REQUIREAUTH! /stock
HELLO FROM REQUIREAUTH! /
HELLO FROM REQUIREAUTH! /stock
HELLO FROM REQUIREAUTH! /stock
HELLO FROM REQUIREAUTH! /
HELLO FROM REQUIREAUTH! /
HELLO FROM REQUIREAUTH! /
HELLO FROM REQUIREAUTH! /
HELLO FROM REQUIREAUTH! /57
HELLO FROM REQUIREAUTH! /57
HELLO FROM REQUIREAUTH! /
HELLO FROM REQUIREAUTH! /
HELLO FROM REQUIREAUTH! /57
HELLO FROM REQUIREAUTH! /57
HELLO FROM REQUIREAUTH! /
HELLO FROM REQUIREAUTH! /352/settle
HELLO FROM REQUIREAUTH! /352/settle
HELLO FROM REQUIREAUTH! /352/settle
HELLO FROM REQUIREAUTH! /352/settle
HELLO FROM REQUIREAUTH! /352/settle
HELLO FROM REQUIREAUTH! /352/settle
HELLO FROM REQUIREAUTH! /352/settle
HELLO FROM REQUIREAUTH! /352/settle
HELLO FROM REQUIREAUTH! /352/settle
HELLO FROM REQUIREAUTH! /352/settle
HELLO FROM REQUIREAUTH! /
HELLO FROM REQUIREAUTH! /
HELLO FROM REQUIREAUTH! /
HELLO FROM REQUIREAUTH! /
HELLO FROM REQUIREAUTH! /
HELLO FROM REQUIREAUTH! /
HELLO FROM REQUIREAUTH! /
HELLO FROM REQUIREAUTH! /
HELLO FROM REQUIREAUTH! /open
HELLO FROM REQUIREAUTH! /open
HELLO FROM OPEN ROUTE!
HELLO FROM REQUIREAUTH! /sessions
HELLO FROM REQUIREAUTH! /sessions
HELLO FROM REQUIREAUTH! /
HELLO FROM REQUIREAUTH! /
HELLO FROM REQUIREAUTH! /
HELLO FROM REQUIREAUTH! /21
HELLO FROM REQUIREAUTH! /21
HELLO FROM REQUIREAUTH! /
HELLO FROM REQUIREAUTH! /
HELLO FROM REQUIREAUTH! /
HELLO FROM REQUIREAUTH! /
HELLO FROM REQUIREAUTH! /barcodes/print
HELLO FROM REQUIREAUTH! /barcodes/print
HELLO FROM REQUIREAUTH! /
HELLO FROM REQUIREAUTH! /
HELLO FROM REQUIREAUTH! /
HELLO FROM REQUIREAUTH! /
HELLO FROM REQUIREAUTH! /
HELLO FROM REQUIREAUTH! /15/pdf
HELLO FROM REQUIREAUTH! /
HELLO FROM REQUIREAUTH! /
HELLO FROM REQUIREAUTH! /
HELLO FROM REQUIREAUTH! /resolve/352
HELLO FROM REQUIREAUTH! /resolve/352
HELLO FROM REQUIREAUTH! /notes
HELLO FROM REQUIREAUTH! /notes
HELLO FROM REQUIREAUTH! /products
HELLO FROM REQUIREAUTH! /products
HELLO FROM REQUIREAUTH! /stock
HELLO FROM REQUIREAUTH! /stock
HELLO FROM REQUIREAUTH! /stock
HELLO FROM REQUIREAUTH! /stock
HELLO FROM REQUIREAUTH! /
HELLO FROM REQUIREAUTH! /
HELLO FROM REQUIREAUTH! /
HELLO FROM REQUIREAUTH! /
HELLO FROM REQUIREAUTH! /
HELLO FROM REQUIREAUTH! /
HELLO FROM REQUIREAUTH! /
HELLO FROM REQUIREAUTH! /
HELLO FROM REQUIREAUTH! /
HELLO FROM REQUIREAUTH! /
HELLO FROM REQUIREAUTH! /360
HELLO FROM REQUIREAUTH! /360
HELLO FROM REQUIREAUTH! /358/ledger
HELLO FROM REQUIREAUTH! /358/ledger
HELLO FROM REQUIREAUTH! /359/ledger
HELLO FROM REQUIREAUTH! /359/ledger
HELLO FROM REQUIREAUTH! /
HELLO FROM REQUIREAUTH! /
HELLO FROM REQUIREAUTH! /
HELLO FROM REQUIREAUTH! /
HELLO FROM REQUIREAUTH! /223
HELLO FROM REQUIREAUTH! /223
HELLO FROM REQUIREAUTH! /186
HELLO FROM REQUIREAUTH! /186
HELLO FROM REQUIREAUTH! /
HELLO FROM REQUIREAUTH! /
HELLO FROM REQUIREAUTH! /
HELLO FROM REQUIREAUTH! /
HELLO FROM REQUIREAUTH! /882/return
HELLO FROM REQUIREAUTH! /882/return
HELLO FROM REQUIREAUTH! /882/return
HELLO FROM REQUIREAUTH! /882/return
HELLO FROM REQUIREAUTH! /882/return
HELLO FROM REQUIREAUTH! /882/return
HELLO FROM REQUIREAUTH! /882/return
HELLO FROM REQUIREAUTH! /882/return
HELLO FROM REQUIREAUTH! /882/return
HELLO FROM REQUIREAUTH! /882/return
HELLO FROM REQUIREAUTH! /
HELLO FROM REQUIREAUTH! /
HELLO FROM REQUIREAUTH! /
HELLO FROM REQUIREAUTH! /883/return
HELLO FROM REQUIREAUTH! /883/return
HELLO FROM REQUIREAUTH! /883/return
HELLO FROM REQUIREAUTH! /883/return
HELLO FROM REQUIREAUTH! /
HELLO FROM REQUIREAUTH! /
HELLO FROM REQUIREAUTH! /
HELLO FROM REQUIREAUTH! /
HELLO FROM REQUIREAUTH! /
HELLO FROM REQUIREAUTH! /
HELLO FROM REQUIREAUTH! /203/receive
HELLO FROM REQUIREAUTH! /203/receive
HELLO FROM REQUIREAUTH! /203/receive
HELLO FROM REQUIREAUTH! /203/receive
HELLO FROM REQUIREAUTH! /203/receive
HELLO FROM REQUIREAUTH! /203/receive
HELLO FROM REQUIREAUTH! /203/return
HELLO FROM REQUIREAUTH! /203/return
HELLO FROM REQUIREAUTH! /203/return
HELLO FROM REQUIREAUTH! /203/return
HELLO FROM REQUIREAUTH! /203/return
HELLO FROM REQUIREAUTH! /203/return
HELLO FROM REQUIREAUTH! /203/receive
HELLO FROM REQUIREAUTH! /203/receive
HELLO FROM REQUIREAUTH! /203/return
HELLO FROM REQUIREAUTH! /203/return
HELLO FROM REQUIREAUTH! /clock-in
HELLO FROM REQUIREAUTH! /clock-in
HELLO FROM REQUIREAUTH! /clock-out
HELLO FROM REQUIREAUTH! /clock-out
HELLO FROM REQUIREAUTH! /groups
HELLO FROM REQUIREAUTH! /groups
HELLO FROM REQUIREAUTH! /customer-groups
HELLO FROM REQUIREAUTH! /customer-groups
HELLO FROM REQUIREAUTH! /groups/110/prices
HELLO FROM REQUIREAUTH! /groups/110/prices
HELLO FROM REQUIREAUTH! /groups/110/prices
HELLO FROM REQUIREAUTH! /groups/110/prices
HELLO FROM REQUIREAUTH! /358
HELLO FROM REQUIREAUTH! /358
HELLO FROM REQUIREAUTH! /
HELLO FROM REQUIREAUTH! /groups/110/prices
HELLO FROM REQUIREAUTH! /groups/110/prices
HELLO FROM REQUIREAUTH! /
HELLO FROM REQUIREAUTH! /resolve/358
HELLO FROM REQUIREAUTH! /resolve/358
HELLO FROM REQUIREAUTH! /resolve/358
HELLO FROM REQUIREAUTH! /resolve/358
HELLO FROM REQUIREAUTH! /359
HELLO FROM REQUIREAUTH! /359
HELLO FROM REQUIREAUTH! /358
HELLO FROM REQUIREAUTH! /358
HELLO FROM REQUIREAUTH! /types
HELLO FROM REQUIREAUTH! /types
HELLO FROM REQUIREAUTH! /accounts
HELLO FROM REQUIREAUTH! /accounts
HELLO FROM REQUIREAUTH! /accounts/277/transactions
HELLO FROM REQUIREAUTH! /accounts/277/transactions
HELLO FROM REQUIREAUTH! /accounts/277/transactions
HELLO FROM REQUIREAUTH! /accounts/277/transactions
HELLO FROM REQUIREAUTH! /accounts/277/transactions
HELLO FROM REQUIREAUTH! /accounts/277/transactions
HELLO FROM REQUIREAUTH! /ledger/277
HELLO FROM REQUIREAUTH! /ledger/277
HELLO FROM REQUIREAUTH! /ledger/277
HELLO FROM REQUIREAUTH! /ledger/277
HELLO FROM REQUIREAUTH! /pnl
HELLO FROM REQUIREAUTH! /pnl
